<dataset>
    <account iban="BG66 ESTF 0616 0000 0000 01" name="Ivan Ivanov" balance="100.10"/>
    <account iban="BG66 ESTF 0616 0000 0000 02" name="Petar Petrov" balance="111.22"/>
    <account iban="BG66 ESTF 0616 0000 0000 03" name="Vasil Vasilev" balance="11123.00"/>
    <account iban="BG66 ESTF 0616 0000 0000 04" name="Atanas Atanasov" balance="777.77"/>
    <account iban="BG66 ESTF 0616 0000 0000 05" name="Yordan Nalbantov" balance="120.22"/>
    <account iban="BG66 ESTF 0616 0000 0000 06" name="Test Test" balance="909.19"/>
    <account iban="BG66 ESTF 0616 0000 0000 07" name="Admin Admin" balance="432.44"/>
</dataset>